/home/ubuntu/ros2_ws/install/demo/lib/python3.10/site-packages/demo/lab.py
/home/ubuntu/ros2_ws/install/demo/lib/python3.10/site-packages/demo/demo.py
/home/ubuntu/ros2_ws/install/demo/lib/python3.10/site-packages/demo/demo1.py
/home/ubuntu/ros2_ws/install/demo/lib/python3.10/site-packages/demo/puppydemo.py
/home/ubuntu/ros2_ws/install/demo/lib/python3.10/site-packages/demo/puppydemo1.py
/home/ubuntu/ros2_ws/install/demo/lib/python3.10/site-packages/demo/__init__.py
/home/ubuntu/ros2_ws/install/demo/lib/python3.10/site-packages/demo/__pycache__/lab.cpython-310.pyc
/home/ubuntu/ros2_ws/install/demo/lib/python3.10/site-packages/demo/__pycache__/demo.cpython-310.pyc
/home/ubuntu/ros2_ws/install/demo/lib/python3.10/site-packages/demo/__pycache__/demo1.cpython-310.pyc
/home/ubuntu/ros2_ws/install/demo/lib/python3.10/site-packages/demo/__pycache__/puppydemo.cpython-310.pyc
/home/ubuntu/ros2_ws/install/demo/lib/python3.10/site-packages/demo/__pycache__/puppydemo1.cpython-310.pyc
/home/ubuntu/ros2_ws/install/demo/lib/python3.10/site-packages/demo/__pycache__/__init__.cpython-310.pyc
/home/ubuntu/ros2_ws/install/demo/share/ament_index/resource_index/packages/demo
/home/ubuntu/ros2_ws/install/demo/share/demo/package.xml
/home/ubuntu/ros2_ws/install/demo/lib/python3.10/site-packages/demo-0.0.0-py3.10.egg-info/SOURCES.txt
/home/ubuntu/ros2_ws/install/demo/lib/python3.10/site-packages/demo-0.0.0-py3.10.egg-info/requires.txt
/home/ubuntu/ros2_ws/install/demo/lib/python3.10/site-packages/demo-0.0.0-py3.10.egg-info/dependency_links.txt
/home/ubuntu/ros2_ws/install/demo/lib/python3.10/site-packages/demo-0.0.0-py3.10.egg-info/top_level.txt
/home/ubuntu/ros2_ws/install/demo/lib/python3.10/site-packages/demo-0.0.0-py3.10.egg-info/entry_points.txt
/home/ubuntu/ros2_ws/install/demo/lib/python3.10/site-packages/demo-0.0.0-py3.10.egg-info/PKG-INFO
/home/ubuntu/ros2_ws/install/demo/lib/python3.10/site-packages/demo-0.0.0-py3.10.egg-info/zip-safe
/home/ubuntu/ros2_ws/install/demo/lib/demo/demo
